﻿
> otto-voice@0.0.0 test
> vitest run


[1m[7m[36m RUN [39m[27m[22m [36mv2.1.9 [39m[90mC:/Users/drdhs/OneDrive/Documentos/OTTO VOICE[39m


[31mÔÄ»ÔÄ»ÔÄ»ÔÄ»ÔÄ»ÔÄ»[1m[7m Unhandled Errors [27m[22mÔÄ»ÔÄ»ÔÄ»ÔÄ»ÔÄ»ÔÄ»[39m
[31m[1m
Vitest caught 4 unhandled errors during the test run.
This might cause false positive tests. Resolve unhandled errors to make sure your tests are not affected.[22m[39m
npm : 
No linha:1 caractere:1
+ npm test > 
test_output.txt 2>&1; 
type test_output.txt
+ ~~~~~~~~~~~~~~~~~~~~
~~~~~~~~~~~
    + CategoryInfo    
          : NotSpeci  
  fied: (:String) [   
 ], RemoteExceptio    
n
    + FullyQualifiedE 
   rrorId : NativeCo  
  mmandError
 
[31mÔÄ»ÔÄ»ÔÄ»ÔÄ»ÔÄ»ÔÄ
»[1m[7m Unhandled 
Error [27m[22mÔÄ»ÔÄ»
ÔÄ»ÔÄ»ÔÄ»ÔÄ»ÔÄ»[39m
[31m[1mError[22m: 
require() of ES 
Module C:\Users\drdhs\
OneDrive\Documentos\OT
TO VOICE\node_modules\
@exodus\bytes\encoding
-lite.js from C:\Users
\drdhs\OneDrive\Docume
ntos\OTTO VOICE\node_m
odules\html-encoding-s
niffer\lib\html-encodi
ng-sniffer.js not 
supported.
Instead change the 
require of 
encoding-lite.js in C:
\Users\drdhs\OneDrive\
Documentos\OTTO VOICE\
node_modules\html-enco
ding-sniffer\lib\html-
encoding-sniffer.js 
to a dynamic import() 
which is available in 
all CommonJS 
modules.[39m
[90m [2mÔØ»[22m 
Object.<anonymous> nod
e_modules/html-encodin
g-sniffer/lib/html-enc
oding-sniffer.js:[2m2
:41[22m[39m

[31m[2mÔÄ»ÔÄ»ÔÄ»ÔÄ»Ô
Ä»ÔÄ»ÔÄ»ÔÄ»ÔÄ»ÔÄ»ÔÄ»ÔÄ
»ÔÄ»ÔÄ»ÔÄ»ÔÄ»ÔÄ»ÔÄ»ÔÄ»
ÔÄ»ÔÄ»ÔÄ»ÔÄ»ÔÄ»ÔÄ»ÔÄ»Ô
Ä»ÔÄ»ÔÄ»ÔÄ»[22m[39m
[31m[1mSerialized 
Error:[22m[39m 
[90m{ code: 
'ERR_REQUIRE_ESM' 
}[39m

[31mÔÄ»ÔÄ»ÔÄ»ÔÄ»ÔÄ»ÔÄ
»[1m[7m Unhandled 
Error [27m[22mÔÄ»ÔÄ»
ÔÄ»ÔÄ»ÔÄ»ÔÄ»ÔÄ»[39m
[31m[1mError[22m: 
require() of ES 
Module C:\Users\drdhs\
OneDrive\Documentos\OT
TO VOICE\node_modules\
@exodus\bytes\encoding
-lite.js from C:\Users
\drdhs\OneDrive\Docume
ntos\OTTO VOICE\node_m
odules\html-encoding-s
niffer\lib\html-encodi
ng-sniffer.js not 
supported.
Instead change the 
require of 
encoding-lite.js in C:
\Users\drdhs\OneDrive\
Documentos\OTTO VOICE\
node_modules\html-enco
ding-sniffer\lib\html-
encoding-sniffer.js 
to a dynamic import() 
which is available in 
all CommonJS 
modules.[39m
[90m [2mÔØ»[22m 
Object.<anonymous> nod
e_modules/html-encodin
g-sniffer/lib/html-enc
oding-sniffer.js:[2m2
:41[22m[39m

[31m[2mÔÄ»ÔÄ»ÔÄ»ÔÄ»Ô
Ä»ÔÄ»ÔÄ»ÔÄ»ÔÄ»ÔÄ»ÔÄ»ÔÄ
»ÔÄ»ÔÄ»ÔÄ»ÔÄ»ÔÄ»ÔÄ»ÔÄ»
ÔÄ»ÔÄ»ÔÄ»ÔÄ»ÔÄ»ÔÄ»ÔÄ»Ô
Ä»ÔÄ»ÔÄ»ÔÄ»[22m[39m
[31m[1mSerialized 
Error:[22m[39m 
[90m{ code: 
'ERR_REQUIRE_ESM' 
}[39m

[31mÔÄ»ÔÄ»ÔÄ»ÔÄ»ÔÄ»ÔÄ
»[1m[7m Unhandled 
Error [27m[22mÔÄ»ÔÄ»
ÔÄ»ÔÄ»ÔÄ»ÔÄ»ÔÄ»[39m
[31m[1mError[22m: 
require() of ES 
Module C:\Users\drdhs\
OneDrive\Documentos\OT
TO VOICE\node_modules\
@exodus\bytes\encoding
-lite.js from C:\Users
\drdhs\OneDrive\Docume
ntos\OTTO VOICE\node_m
odules\html-encoding-s
niffer\lib\html-encodi
ng-sniffer.js not 
supported.
Instead change the 
require of 
encoding-lite.js in C:
\Users\drdhs\OneDrive\
Documentos\OTTO VOICE\
node_modules\html-enco
ding-sniffer\lib\html-
encoding-sniffer.js 
to a dynamic import() 
which is available in 
all CommonJS 
modules.[39m
[90m [2mÔØ»[22m 
Object.<anonymous> nod
e_modules/html-encodin
g-sniffer/lib/html-enc
oding-sniffer.js:[2m2
:41[22m[39m

[31m[2mÔÄ»ÔÄ»ÔÄ»ÔÄ»Ô
Ä»ÔÄ»ÔÄ»ÔÄ»ÔÄ»ÔÄ»ÔÄ»ÔÄ
»ÔÄ»ÔÄ»ÔÄ»ÔÄ»ÔÄ»ÔÄ»ÔÄ»
ÔÄ»ÔÄ»ÔÄ»ÔÄ»ÔÄ»ÔÄ»ÔÄ»Ô
Ä»ÔÄ»ÔÄ»ÔÄ»[22m[39m
[31m[1mSerialized 
Error:[22m[39m 
[90m{ code: 
'ERR_REQUIRE_ESM' 
}[39m

[31mÔÄ»ÔÄ»ÔÄ»ÔÄ»ÔÄ»ÔÄ
»[1m[7m Unhandled 
Error [27m[22mÔÄ»ÔÄ»
ÔÄ»ÔÄ»ÔÄ»ÔÄ»ÔÄ»[39m
[31m[1mError[22m: 
require() of ES 
Module C:\Users\drdhs\
OneDrive\Documentos\OT
TO VOICE\node_modules\
@exodus\bytes\encoding
-lite.js from C:\Users
\drdhs\OneDrive\Docume
ntos\OTTO VOICE\node_m
odules\html-encoding-s
niffer\lib\html-encodi
ng-sniffer.js not 
supported.
Instead change the 
require of 
encoding-lite.js in C:
\Users\drdhs\OneDrive\
Documentos\OTTO VOICE\
node_modules\html-enco
ding-sniffer\lib\html-
encoding-sniffer.js 
to a dynamic import() 
which is available in 
all CommonJS 
modules.[39m
[90m [2mÔØ»[22m 
Object.<anonymous> nod
e_modules/html-encodin
g-sniffer/lib/html-enc
oding-sniffer.js:[2m2
:41[22m[39m

[31m[2mÔÄ»ÔÄ»ÔÄ»ÔÄ»Ô
Ä»ÔÄ»ÔÄ»ÔÄ»ÔÄ»ÔÄ»ÔÄ»ÔÄ
»ÔÄ»ÔÄ»ÔÄ»ÔÄ»ÔÄ»ÔÄ»ÔÄ»
ÔÄ»ÔÄ»ÔÄ»ÔÄ»ÔÄ»ÔÄ»ÔÄ»Ô
Ä»ÔÄ»ÔÄ»ÔÄ»[22m[39m
[31m[1mSerialized 
Error:[22m[39m 
[90m{ code: 
'ERR_REQUIRE_ESM' 
}[39m
[31mÔÄ»ÔÄ»ÔÄ»ÔÄ»ÔÄ»ÔÄ»ÔÄ»ÔÄ»ÔÄ»ÔÄ»ÔÄ»ÔÄ»ÔÄ»ÔÄ»ÔÄ»ÔÄ»ÔÄ»ÔÄ»ÔÄ»ÔÄ»ÔÄ»ÔÄ»ÔÄ»ÔÄ»ÔÄ»ÔÄ»ÔÄ»ÔÄ»ÔÄ»ÔÄ»[39m

[2m Test Files [22m [2mno tests[22m
[2m      Tests [22m [2mno tests[22m
[2m     Errors [22m [1m[31m4 errors[39m[22m
[2m   Start at [22m 00:24:16
[2m   Duration [22m 900ms[2m (transform 63ms, setup 0ms, collect 0ms, tests 0ms, environment 0ms, prepare 0ms)[22m

